Testing git commit.
